[dotenv@17.3.1] injecting env (4) from .env.local -- tip: ､・agentic secret storage: https://dotenvx.com/as2

==================================================
Testing model: gemini-3.1-pro-preview
Time taken: 57.5s
Text Length: 2826 characters
JSON Parse: 笶・FAILED
Error: Expected ':' after property name in JSON at position 12 (line 2 column 11)
Raw snippet: {
  "title": "縲仙ｾｹ蠎輔Ξ繝薙Η繝ｼ縲代弱Δ繝ｳ繧ｹ繧ｿ繝ｼ繝上Φ繧ｿ繝ｼ繝ｯ繧､繝ｫ繧ｺ縲上・雋ｷ縺・∋縺搾ｼ溘す繝ｼ繝繝ｬ繧ｹ縺ｪ譁ｰ譎ゆｻ｣縺ｮ迢ｩ繧翫ご繝ｼ繧偵・繝ｭ縺瑚ｩ穂ｾ｡",
  "excerpt": "繝輔ぃ繝滄壹↓縺ｦ譛譁ｰ繝医Ξ繝ｼ繝ｩ繝ｼ縺ｮ蜈ｬ髢九ｂ蝣ｱ縺倥ｉ
Raw ending:     "title": "繝輔ぃ繝滄・com - 縲弱Δ繝ｳ繧ｹ繧ｿ繝ｼ繝上Φ繧ｿ繝ｼ繝ｯ繧､繝ｫ繧ｺ縲冗峩蜑阪Ξ繝薙Η繝ｼ",
      "url": "https://www.famitsu.com/"
    }
  ]
}

==================================================
Testing model: gemini-3-pro-preview
Time taken: 34.2s
Text Length: 3026 characters
JSON Parse: 笶・FAILED
Error: Expected ':' after property name in JSON at position 12 (line 2 column 11)
Raw snippet: ```json
{
  "title": "縲舌Ξ繝薙Η繝ｼ縲代弱Δ繝ｳ繧ｹ繧ｿ繝ｼ繝上Φ繧ｿ繝ｼ繝ｯ繧､繝ｫ繧ｺ縲上・雋ｷ縺・°・・蝨ｧ蛟堤噪豐｡蜈･諢溘→蠢ｫ驕ｩ諤ｧ縺瑚檮蜷医＠縺滓ｬ｡荳紋ｻ｣縺ｮ迢ｩ迪滉ｽ馴ｨ・,
  "excerpt": "2025蟷ｴ2譛医↓逋ｺ螢ｲ縺・Raw ending: yStation.Blog 縲弱Δ繝ｳ繧ｹ繧ｿ繝ｼ繝上Φ繧ｿ繝ｼ繝ｯ繧､繝ｫ繧ｺ縲冗匱螢ｲ譌･諠・ｱ",
      "url": "https://blog.ja.playstation.com/"
    }
  ]
}
```

==================================================
Testing model: gemini-2.5-pro
Time taken: 53.5s
Text Length: 3547 characters
JSON Parse: 笶・FAILED
Error: Expected ':' after property name in JSON at position 12 (line 2 column 11)
Raw snippet: ```json
{
  "title": "縲弱Δ繝ｳ繧ｹ繧ｿ繝ｼ繝上Φ繧ｿ繝ｼ繝ｯ繧､繝ｫ繧ｺ縲乗怙蜑咲ｷ夲ｼ√す繝ｼ繝繝ｬ繧ｹ縺ｪ荳也阜縺ｨ騾ｲ蛹悶＠縺溽叫繧翫′繧ゅ◆繧峨☆遨ｶ讌ｵ縺ｮ豐｡蜈･諢溘→縺ｯ・・,
  "excerpt": "2025蟷ｴ2譛・8譌･逋ｺ螢ｲ莠・Raw ending: n.Blog 譌･譛ｬ隱・,
      "url": "https://blog.ja.playstation.com/2025/02/25/20250225-mhw/"
    }
  ]
}
```
