[dotenv@17.3.1] injecting env (4) from .env.local -- tip: 笞呻ｸ・ enable debug logging with { debug: true }
Testing chatbot apply mode simulation...
--- RAW Chatbot Output ---
<h2 style="color: #3b82f6;">繝｢繝ｳ繧ｹ繧ｿ繝ｼ繝上Φ繧ｿ繝ｼ繝ｯ繧､繝ｫ繧ｺ縺ｮ鬲・鴨</h2>
<p>縺薙ｌ縺ｯ繝・せ繝郁ｨ倅ｺ九〒縺吶・/p>
<h2 style="color: #3b82f6;">逋ｺ螢ｲ譌･縺ｫ縺､縺・※</h2>
<p>譛ｪ螳壹〒縺吶・/p>
--------------------------
--- CLEANED Output ---
<h2 style="color: #3b82f6;">繝｢繝ｳ繧ｹ繧ｿ繝ｼ繝上Φ繧ｿ繝ｼ繝ｯ繧､繝ｫ繧ｺ縺ｮ鬲・鴨</h2>
<p>縺薙ｌ縺ｯ繝・せ繝郁ｨ倅ｺ九〒縺吶・/p>
<h2 style="color: #3b82f6;">逋ｺ螢ｲ譌･縺ｫ縺､縺・※</h2>
<p>譛ｪ螳壹〒縺吶・/p>
----------------------
